// Jest Snapshot v1, https://goo.gl/fbAQLP

exports[`renders correctly 1`] = `
<div>
  <header>
    <img
      alt="gear icon"
      className="header-logo clockwise"
      src="gear2.svg"
      style={
        Object {
          "filter": "
                hue-rotate(360deg)
                brightness(85%)
                saturate(115%)
                opacity(95%)
              ",
          "height": "38vh",
          "left": "5%",
          "top": "5%",
        }
      }
    />
    <img
      alt="gear icon"
      className="header-logo clockwise"
      src="gear2.svg"
      style={
        Object {
          "filter": "
                hue-rotate(360deg)
                brightness(85%)
                saturate(115%)
                opacity(95%)
              ",
          "height": "38vh",
          "left": "11.818181818181818%",
          "top": "11.818181818181818%",
        }
      }
    />
    <img
      alt="gear icon"
      className="header-logo clockwise"
      src="gear2.svg"
      style={
        Object {
          "filter": "
                hue-rotate(360deg)
                brightness(85%)
                saturate(115%)
                opacity(95%)
              ",
          "height": "38vh",
          "left": "18.636363636363637%",
          "top": "18.636363636363637%",
        }
      }
    />
    <img
      alt="gear icon"
      className="header-logo clockwise"
      src="gear2.svg"
      style={
        Object {
          "filter": "
                hue-rotate(360deg)
                brightness(85%)
                saturate(115%)
                opacity(95%)
              ",
          "height": "38vh",
          "left": "25.454545454545453%",
          "top": "25.454545454545453%",
        }
      }
    />
    <img
      alt="gear icon"
      className="header-logo clockwise"
      src="gear2.svg"
      style={
        Object {
          "filter": "
                hue-rotate(360deg)
                brightness(85%)
                saturate(115%)
                opacity(95%)
              ",
          "height": "38vh",
          "left": "32.27272727272727%",
          "top": "32.27272727272727%",
        }
      }
    />
    <img
      alt="gear icon"
      className="header-logo clockwise"
      src="gear2.svg"
      style={
        Object {
          "filter": "
                hue-rotate(360deg)
                brightness(85%)
                saturate(115%)
                opacity(95%)
              ",
          "height": "38vh",
          "left": "39.09090909090909%",
          "top": "39.09090909090909%",
        }
      }
    />
    <img
      alt="gear icon"
      className="header-logo clockwise"
      src="gear2.svg"
      style={
        Object {
          "filter": "
                hue-rotate(360deg)
                brightness(85%)
                saturate(115%)
                opacity(95%)
              ",
          "height": "38vh",
          "left": "45.90909090909091%",
          "top": "45.90909090909091%",
        }
      }
    />
    <img
      alt="gear icon"
      className="header-logo clockwise"
      src="gear2.svg"
      style={
        Object {
          "filter": "
                hue-rotate(360deg)
                brightness(85%)
                saturate(115%)
                opacity(95%)
              ",
          "height": "38vh",
          "left": "52.72727272727273%",
          "top": "52.72727272727273%",
        }
      }
    />
    <img
      alt="gear icon"
      className="header-logo clockwise"
      src="gear2.svg"
      style={
        Object {
          "filter": "
                hue-rotate(360deg)
                brightness(85%)
                saturate(115%)
                opacity(95%)
              ",
          "height": "38vh",
          "left": "59.54545454545455%",
          "top": "59.54545454545455%",
        }
      }
    />
    <img
      alt="gear icon"
      className="header-logo clockwise"
      src="gear2.svg"
      style={
        Object {
          "filter": "
                hue-rotate(360deg)
                brightness(85%)
                saturate(115%)
                opacity(95%)
              ",
          "height": "38vh",
          "left": "66.36363636363637%",
          "top": "66.36363636363637%",
        }
      }
    />
    <img
      alt="gear icon"
      className="header-logo clockwise"
      src="gear2.svg"
      style={
        Object {
          "filter": "
                hue-rotate(360deg)
                brightness(85%)
                saturate(115%)
                opacity(95%)
              ",
          "height": "38vh",
          "left": "73.18181818181819%",
          "top": "73.18181818181819%",
        }
      }
    />
  </header>
  <nav>
    <div>
      <div
        className="ui large inverted pointing secondary menu"
      >
        <div
          className="ui container nav-menu"
        >
          <a
            className="item"
            dispatch={undefined}
            href="/blog"
            onClick={[Function]}
          >
            Blog
          </a>
          <a
            className="item"
            dispatch={undefined}
            href="/about"
            onClick={[Function]}
          >
            About
          </a>
          <div
            className="right menu"
          >
            <a
              className="item"
              dispatch={undefined}
              href="/login"
              onClick={[Function]}
            >
              Login
            </a>
            <a
              className="item"
              dispatch={undefined}
              onClick={[Function]}
            >
              中文
            </a>
          </div>
        </div>
      </div>
    </div>
  </nav>
  <div />
</div>
`;
