// Jest Snapshot v1, https://goo.gl/fbAQLP

exports[`renders correctly 1`] = `
<div>
  <header
    className="ui center aligned container"
  >
    <img
      alt="gear icon"
      className="header-logo clockwise"
      src="gear2.svg"
      style={
        Object {
          "filter": "
                hue-rotate(360deg)
                brightness(85%)
                saturate(115%)
                opacity(95%)
              ",
          "height": "40vh",
          "left": "0%",
          "top": "0%",
        }
      }
    />
    <img
      alt="gear icon"
      className="header-logo clockwise"
      src="gear2.svg"
      style={
        Object {
          "filter": "
                hue-rotate(360deg)
                brightness(85%)
                saturate(115%)
                opacity(95%)
              ",
          "height": "40vh",
          "left": "9%",
          "top": "9%",
        }
      }
    />
    <img
      alt="gear icon"
      className="header-logo clockwise"
      src="gear2.svg"
      style={
        Object {
          "filter": "
                hue-rotate(360deg)
                brightness(85%)
                saturate(115%)
                opacity(95%)
              ",
          "height": "40vh",
          "left": "18%",
          "top": "18%",
        }
      }
    />
    <img
      alt="gear icon"
      className="header-logo clockwise"
      src="gear2.svg"
      style={
        Object {
          "filter": "
                hue-rotate(360deg)
                brightness(85%)
                saturate(115%)
                opacity(95%)
              ",
          "height": "40vh",
          "left": "27%",
          "top": "27%",
        }
      }
    />
    <img
      alt="gear icon"
      className="header-logo clockwise"
      src="gear2.svg"
      style={
        Object {
          "filter": "
                hue-rotate(360deg)
                brightness(85%)
                saturate(115%)
                opacity(95%)
              ",
          "height": "40vh",
          "left": "36%",
          "top": "36%",
        }
      }
    />
    <img
      alt="gear icon"
      className="header-logo clockwise"
      src="gear2.svg"
      style={
        Object {
          "filter": "
                hue-rotate(360deg)
                brightness(85%)
                saturate(115%)
                opacity(95%)
              ",
          "height": "40vh",
          "left": "45%",
          "top": "45%",
        }
      }
    />
    <img
      alt="gear icon"
      className="header-logo clockwise"
      src="gear2.svg"
      style={
        Object {
          "filter": "
                hue-rotate(360deg)
                brightness(85%)
                saturate(115%)
                opacity(95%)
              ",
          "height": "40vh",
          "left": "54%",
          "top": "54%",
        }
      }
    />
    <img
      alt="gear icon"
      className="header-logo clockwise"
      src="gear2.svg"
      style={
        Object {
          "filter": "
                hue-rotate(360deg)
                brightness(85%)
                saturate(115%)
                opacity(95%)
              ",
          "height": "40vh",
          "left": "63%",
          "top": "63%",
        }
      }
    />
    <img
      alt="gear icon"
      className="header-logo clockwise"
      src="gear2.svg"
      style={
        Object {
          "filter": "
                hue-rotate(360deg)
                brightness(85%)
                saturate(115%)
                opacity(95%)
              ",
          "height": "40vh",
          "left": "72%",
          "top": "72%",
        }
      }
    />
    <img
      alt="gear icon"
      className="header-logo clockwise"
      src="gear2.svg"
      style={
        Object {
          "filter": "
                hue-rotate(360deg)
                brightness(85%)
                saturate(115%)
                opacity(95%)
              ",
          "height": "40vh",
          "left": "81%",
          "top": "81%",
        }
      }
    />
  </header>
  <nav>
    <div>
      <div
        className="ui large inverted pointing secondary menu"
      >
        <div
          className="ui container nav-menu"
        >
          <a
            className="item"
            dispatch={undefined}
            href="/blog"
            onClick={[Function]}
          >
            Blog
          </a>
          <a
            className="item"
            dispatch={undefined}
            href="/about"
            onClick={[Function]}
          >
            About
          </a>
          <div
            className="right menu"
          >
            <a
              className="item"
              dispatch={undefined}
              href="/login"
              onClick={[Function]}
            >
              Login
            </a>
            <a
              className="item"
              dispatch={undefined}
              onClick={[Function]}
            >
              中文
            </a>
          </div>
        </div>
      </div>
    </div>
  </nav>
  <div />
</div>
`;
